  4011F8     26E4 Code                ABERROR_TEXT
  4038DC      1B1 Code                ABFILE_TEXT
  403A90      159 Code                ABFUZZY_TEXT
  403BEC       91 Code                ABRESIZE_TEXT
  403C80      133 Code                ABTOOLBA_TEXT
  403DB4     19CC Code                ABUTIL_TEXT
  405780     1C62 Code                ABWINDOW_TEXT
  4073E4       7C Code                CWSYNCHC_TEXT
  407460      22D Code                HTMLPAGESCRAPER001_TEXT
  407690        9 Code                HTMLPAGESCRAPER_BC0_TEXT
  40769C       13 Code                HTMLPAGESCRAPER_BC_TEXT
  4076B0       B0 Code                HTMLPAGESCRAPER_TEXT
  407760       23 Code                IEXE32_TEXT
  407784      266 Code                INIT_TEXT
  4079EC        D Code                INST00_TEXT
  408000     1290 Initialized Data    $DEFAULTERRORS_DATA
  409290       23 Initialized Data    ABEIP_CONST
  4092B4       3C Initialized Data    ABEIP_DATA
  4092F0      17B Initialized Data    ABERROR_CONST
  40946C      AD0 Initialized Data    ABERROR_DATA
  409F3C        9 Initialized Data    ABFILE_CONST
  409F48      147 Initialized Data    ABFILE_DATA
  40A090       B4 Initialized Data    ABFUZZY_DATA
  40A144       4C Initialized Data    ABTOOLBA_DATA
  40A190       61 Initialized Data    ABUTIL_CONST
  40A1F4       EB Initialized Data    ABUTIL_DATA
  40A2E0        4 Initialized Data    ABWINDOW_CONST
  40A2E4       3F Initialized Data    ABWINDOW_DATA
  40A324       48 Initialized Data    CWSYNCHC_DATA
  40A36C       34 Initialized Data    HTMLPAGESCRAPER001_CONST
  40A3A0      290 Initialized Data    HTMLPAGESCRAPER001_DATA
  40A630       15 Initialized Data    HTMLPAGESCRAPER_CONST
  40A648       1C Initialized Data    HTMLPAGESCRAPER_DATA
  40A664       44 Initialized Data    IEXE32_DATA
  40A6A8        0 Initialized Data    __CPPINI_CONS
  40A6A8      1DC Initialized Data    __CPPINI_CONST
  40A884        4 Initialized Data    __CPPINI_END
  40A888        0 Initialized Data    __INIVMT_CONS
  40A888       68 Initialized Data    __INIVMT_CONST
  40A8F0        0 Initialized Data    __INIVMT_CONST_END
  40A8F0     1623 Un-initialized Data $FUZZYMATCHER_BSS
  40BF14       40 Un-initialized Data ABEIP_BSS
  40BF54      404 Un-initialized Data ABERROR_BSS
  40C358       10 Un-initialized Data ABFILE_BSS
  40C368        4 Un-initialized Data ABFUZZY_BSS
  40C36C      104 Un-initialized Data ABUTIL_BSS
  40C470      14C Un-initialized Data HTMLPAGESCRAPER_BSS
  40D000        8 __T_L_S__DAT
  40D008       A8 __T_L_S__DATA
  40D0B0        0 __T_L_S__DATA_END
  40D0B0        0 __T_L_S__BS
  40D0B0     1D40 __T_L_S__BSS
  40EDF0        0 __T_L_S__BSS_END

  401314 KILL_@_WINDOWCOMPONENT_@_HISTHANDLERCLASS@F15WINDOWCOMPONENT
  401318 RESET_@_WINDOWCOMPONENT_@_HISTHANDLERCLASS@F15WINDOWCOMPONENTUc
  40131C RESETREQUIRED_@_WINDOWCOMPONENT_@_HISTHANDLERCLASS@F15WINDOWCOMPONENT
  401320 SETALERTS_@_WINDOWCOMPONENT_@_HISTHANDLERCLASS@F15WINDOWCOMPONENT
  401324 TAKEEVENT_@_WINDOWCOMPONENT_@_HISTHANDLERCLASS@F15WINDOWCOMPONENT
  40132C UPDATE_@_WINDOWCOMPONENT_@_HISTHANDLERCLASS@F15WINDOWCOMPONENT
  401330 UPDATEWINDOW_@_WINDOWCOMPONENT_@_HISTHANDLERCLASS@F15WINDOWCOMPONENT
  401344 VLBPROC@F16HISTHANDLERCLASSls
  4013F0 TAKEEVENT@F16HISTHANDLERCLASS
  4014B8 INIT@F16HISTHANDLERCLASSBw10ERRORCLASS16ERRORHISTORYLIST
  4014C4 _VLBPROC@F16HISTHANDLERCLASSls
  4014D4 TAKEACCEPTED@F11MSGBOXCLASS
  401510 SETUPADDITIONALFEQS@F11MSGBOXCLASS
  401598 KILL@F11MSGBOXCLASS
  4015D8 INIT@F11MSGBOXCLASS
  401888 INIT@F11MSGBOXCLASSBw10ERRORCLASSOsbllll
  401920 FETCHSTDBUTTON@F11MSGBOXCLASSs
  401954 GETALLSTATUSVARIABLES@F10ERRORCLASS16ERRORSTATUSGROUP
  401984 GETERRORBUFFERFATALITY@F10ERRORCLASS
  4019B4 GETERRORBUFFERTITLE@F10ERRORCLASS
  4019EC GETERRORBUFFERID@F10ERRORCLASS
  401A10 STOREERRORENTRY@F10ERRORCLASSUs
  401B40 GETHISTORYRESETONVIEW@F10ERRORCLASS
  401B8C SETHISTORYRESETONVIEW@F10ERRORCLASSUc
  401BD4 GETHISTORYVIEWLEVEL@F10ERRORCLASS
  401C20 SETHISTORYVIEWLEVEL@F10ERRORCLASSl
  401C68 GETHISTORYTHRESHOLD@F10ERRORCLASS
  401CB4 SETHISTORYTHRESHOLD@F10ERRORCLASSl
  401CFC GETLOGERRORS@F10ERRORCLASS
  401D48 GETSILENT@F10ERRORCLASS
  401D94 SETDEFAULTCATEGORY@F10ERRORCLASSsa
  401DDC GETDEFAULTCATEGORY@F10ERRORCLASS
  401E28 VIEWHISTORY@F10ERRORCLASS
  401E54 THROW@F10ERRORCLASSs
  401E68 TAKEUSER@F10ERRORCLASS
  401ED4 TAKEPROGRAM@F10ERRORCLASS
  401EDC TAKEOTHER@F10ERRORCLASS
  401EE4 TAKENOTIFY@F10ERRORCLASS
  401F3C TAKEFATAL@F10ERRORCLASS
  401FCC TAKEERROR@F10ERRORCLASSs
  4021D0 TAKEBENIGN@F10ERRORCLASS
  4021D4 SUBSSTRING@F10ERRORCLASS
  4025B0 SETPROCEDURENAME@F10ERRORCLASSOsb
  402660 GETERRORENTRY@F10ERRORCLASSUs15ERRORENTRYGROUPl
  402704 GETERRORENTRY@F10ERRORCLASSUs15ERRORENTRYGROUP
  402738 SETID@F10ERRORCLASSUsl
  402770 SETID@F10ERRORCLASSUs
  40278C SETERRORS@F10ERRORCLASS
  40282C SETERRORLOG@F10ERRORCLASS17ERRORLOGINTERFACE
  4028CC SETCATEGORY@F10ERRORCLASSssa
  402918 RESETHISTORY@F10ERRORCLASS
  402940 REMOVEERROR@F10ERRORCLASSUs
  402980 MESSAGEBOX@F10ERRORCLASSUcsbOsbOsblll
  402A18 MSG@F10ERRORCLASSsbOsbOsblll
  402D64 MESSAGE@F10ERRORCLASSsll
  402DD8 KILL@F10ERRORCLASS
  402E7C INIT@F10ERRORCLASS16ERRORSTATUSCLASS
  402ED8 INIT@F10ERRORCLASS
  402FAC HISTORYMSG@F10ERRORCLASSsblll
  40316C GETPROCEDURENAME@F10ERRORCLASS
  403240 GETCATEGORY@F10ERRORCLASSs
  4032C8 ADDHISTORY@F10ERRORCLASS
  4032F8 ADDERRORS@F10ERRORCLASS10ERRORBLOCK
  4034A4 ADDERROR@F10ERRORCLASSUsRsbRsbUcsa
  403550 DESTRUCT@F10ERRORCLASS
  40356C CONSTRUCT@F10ERRORCLASS
  403584 DESTRUCT@F16ERRORSTATUSCLASS
  4035B8 CONSTRUCT@F16ERRORSTATUSCLASS
  4036F0 CLOSE_@_ERRORLOGINTERFACE_@_STANDARDERRORLOGCLASS@F17ERRORLOGINTERFACEUc
  4036F8 OPEN_@_ERRORLOGINTERFACE_@_STANDARDERRORLOGCLASS@F17ERRORLOGINTERFACEUc
  403700 TAKE_@_ERRORLOGINTERFACE_@_STANDARDERRORLOGCLASS@F17ERRORLOGINTERFACEsb
  4037A4 CLOSE@F21STANDARDERRORLOGCLASSUc
  403820 OPEN@F21STANDARDERRORLOGCLASSUc
  4038C8 DESTRUCT@F21STANDARDERRORLOGCLASS
  4038D4 CONSTRUCT@F21STANDARDERRORLOGCLASS
  4038F8 DESTRUCT@F12FILESMANAGER
  403938 CONSTRUCT@F12FILESMANAGER
  403968 TRYREGET@F11FILEMANAGERsb
  403A10 POSITION@F11FILEMANAGER
  403A90 SETOPTION@F10FUZZYCLASSUcUc
  403AF4 KILL@F10FUZZYCLASS
  403AF8 INIT@F10FUZZYCLASS
  403B0C CONSTRUCT@F10FUZZYCLASS
  403BEC TAKERESIZE@F17WINDOWRESIZECLASS
  403BF4 KILL@F17WINDOWRESIZECLASS
  403C80 TAKEEVENT@F12TOOLBARCLASSPl13WINDOWMANAGER
  403CAC SETTARGET@F12TOOLBARCLASSl
  403D54 KILL@F12TOOLBARCLASS
  403D6C INIT@F12TOOLBARCLASS
  403D8C DISPLAYBUTTONS@F12TOOLBARCLASS
  403DB4 UPDATEQUEUE@F8INICLASSsbsbBqRuPuPuPu
  403FD8 UPDATE@F8INICLASSsbsbsb
  404094 UPDATE@F8INICLASSsbBw
  404274 UPDATE@F8INICLASS
  404278 TRYFETCH@F8INICLASSsbsb
  4042F0 REMOVE@F8INICLASSsbsb
  404458 KILL@F8INICLASS
  404590 INIT@F8INICLASSsbll
  4046A8 FETCHQUEUE@F8INICLASSsbsbBqRuPuPuPu
  40491C FETCHFIELD@F8INICLASSsbsbUc
  404A5C FETCH@F8INICLASSsbsbRu
  404B20 FETCH@F8INICLASSsbBw
  404D80 FETCH@F8INICLASSsbsb
  404E58 FETCH@F8INICLASS
  404E5C UPDATEWINDOWINFO@F8INICLASSsb10WINDOWINFO
  4050C8 FETCHWINDOWINFO@F8INICLASSsb10WINDOWINFO
  405340 UPDATE@F8INICLASSsbsbsbsb
  40552C FETCH@F8INICLASSsbsbsbsb
  405750 DESTRUCT@F8INICLASS
  40576C CONSTRUCT@F8INICLASS
  405864 ONCLOSEEVENTCANCELLED@F13WINDOWMANAGER
  40587C SAVEONINSERTACTION@F13WINDOWMANAGER
  405920 SAVEONCHANGEACTION@F13WINDOWMANAGER
  405A38 DELETEACTION@F13WINDOWMANAGER
  405BEC CHANGEACTION@F13WINDOWMANAGER
  405F5C INSERTACTION@F13WINDOWMANAGER
  40614C TAKEDISABLEBUTTON@F13WINDOWMANAGERlUc
  406174 UPDATE@F13WINDOWMANAGER
  4061B0 TAKEWINDOWEVENT@F13WINDOWMANAGER
  4063D8 TAKESELECTED@F13WINDOWMANAGER
  4063DC TAKEREJECTED@F13WINDOWMANAGER
  406418 TAKENOTIFY@F13WINDOWMANAGERlll
  40641C TAKENEWSELECTION@F13WINDOWMANAGER
  40649C TAKEFIELDEVENT@F13WINDOWMANAGER
  4064A0 TAKEEVENT@F13WINDOWMANAGER
  406654 TAKECLOSEEVENT@F13WINDOWMANAGER
  4067D4 TAKECOMPLETED@F13WINDOWMANAGER
  4068AC TAKEACCEPTED@F13WINDOWMANAGER
  406998 SETRESPONSE@F13WINDOWMANAGERUc
  4069E4 SETALERTS@F13WINDOWMANAGER
  406A94 SAVEHISTORY@F13WINDOWMANAGER
  406B3C RUN@F13WINDOWMANAGERUsUc
  406B40 RUN@F13WINDOWMANAGER
  406B8C RESTOREFIELD@F13WINDOWMANAGERl
  406C60 RESETBUFFERS@F13WINDOWMANAGERUc
  406CC4 RESET@F13WINDOWMANAGERUc
  406D4C PRIMEUPDATE@F13WINDOWMANAGER
  406E90 PRIMEFIELDS@F13WINDOWMANAGER
  406E94 POSTCOMPLETED@F13WINDOWMANAGER
  406F2C OPEN@F13WINDOWMANAGERBwBw
  406F74 OPEN@F13WINDOWMANAGER
  406FB8 MODALEVENT@F13WINDOWMANAGER
  40709C KILL@F13WINDOWMANAGER
  4071F0 INIT@F13WINDOWMANAGER
  40726C ASK@F13WINDOWMANAGER
  4072D0 ADDITEM@F13WINDOWMANAGER15WINDOWCOMPONENT
  4072FC ADDITEM@F13WINDOWMANAGER12TOOLBARCLASS
  407310 ADDITEM@F13WINDOWMANAGERlUc
  407334 DISABLECANCELCONTROLS@F13WINDOWMANAGER
  40738C ENABLECANCELCONTROLS@F13WINDOWMANAGER
  4073E4 DESTRUCT@F15CRITICALSECTION
  4073F8 CONSTRUCT@F15CRITICALSECTION
  40740C KILL@F17CRITICALPROCEDURE
  407430 INIT@F17CRITICALPROCEDURE11ISYNCOBJECT
  407450 DESTRUCT@F17CRITICALPROCEDURE
  407458 CONSTRUCT@F17CRITICALPROCEDURE
  4075FC MAIN@F
  407690 HTMLPAGESCRAPER_BC0$HTMLPAGESCRAPER_BC0:FILESINIT@F
  407694 HTMLPAGESCRAPER_BC0$HTMLPAGESCRAPER_BC0:DCTKILL@F
  407698 HTMLPAGESCRAPER_BC0$HTMLPAGESCRAPER_BC0:DCTINIT@F
  40769C DCTKILL@F
  4076A4 DCTINIT@F
  4076B0 _main
  407748 DESTRUCT@F10DICTIONARY
  407750 CONSTRUCT@F10DICTIONARY
  4079EC __thr_inst0
  408000 $DEFAULTERRORS
  4092B4 TYPE$COLORMAP
  4092E0 TCB$COLORMAP
  40946C STDERRORFILE$TYPE$RECORD
  409484 $STDERRORFILE
  409500 TYPE$PNQ
  409520 TYPE$DEFAULTERRORS
  4097A0 TYPE$HISTHANDLERCLASS
  4097E8 VMT$HISTHANDLERCLASS
  409818 TYPE$MSGBOXCLASS
  409A90 VMT$MSGBOXCLASS
  409B1C TYPE$ERRORCLASS
  409D88 VMT$ERRORCLASS
  409DD8 TYPE$STANDARDERRORLOGCLASS
  409E10 VMT$STANDARDERRORLOGCLASS
  409E28 TYPE$ERRORSTATUSCLASS
  409F30 VMT$ERRORSTATUSCLASS
  409F48 TYPE$UNTHREADEDFILEOPENERMAP
  409F6C TCB$UNTHREADEDFILEOPENERMAP
  409F7C TYPE$FILESMANAGER
  409FC0 VMT$FILESMANAGER
  409FCC TYPE$FILEMAPPING_T
  409FF8 TYPE$FILEMAPPING_R
  40A028 TYPE$STATUSQ_T
  40A090 TYPE$FUZZYCLASS
  40A138 VMT$FUZZYCLASS
  40A144 TYPE$TOOLBARTARGETQUEUE
  40A160 TYPE$TOOLBARCLASS
  40A178 VMT$TOOLBARCLASS
  40A20C TYPE$INICLASS
  40A254 VMT$INICLASS
  40A2E4 TYPE$BUTTONLIST
  40A308 TYPE$COMPONENTLIST
  40A324 TYPE$CRITICALSECTION
  40A33C VMT$CRITICALSECTION
  40A348 TYPE$CRITICALPROCEDURE
  40A360 VMT$CRITICALPROCEDURE
  40A648 TYPE$DICTIONARY
  40A658 VMT$DICTIONARY
  40A888 VMTP$DICTIONARY
  40A898 VMTP$FILESMANAGER
  40A8A0 VMTP$INICLASS
  40A8A8 VMTP$TOOLBARCLASS
  40A8B0 VMTP$HISTHANDLERCLASS
  40A8B8 VMTP$MSGBOXCLASS
  40A8C0 VMTP$ERRORCLASS
  40A8C8 VMTP$STANDARDERRORLOGCLASS
  40A8D0 VMTP$ERRORSTATUSCLASS
  40A8D8 VMTP$FUZZYCLASS
  40A8E0 VMTP$CRITICALSECTION
  40A8E8 VMTP$CRITICALPROCEDURE
  40A8F0 $FUZZYMATCHER
  40BF14 $COLORMAP
  40BF4C $MULTIWINDOW
  40BF50 $TXTWINDOW
  40BF54 $WINDOW
  40BF58 STDERRORFILE$RECORD
  40C358 $UNTHREADEDFILEOPENERMAP
  40C360 $CREATEOPENERCRIT
  40C470 $GLOBALERRORS
  40C4A4 $INIMGR
  40D0B0 $GLOBALERRORSTATUS
  40E4D4 $GLOBALREQUEST
  40E4D8 $GLOBALRESPONSE
  40E4DC $VCRREQUEST
  40E4E0 $DICTIONARY
  40E4E4 $FILESMANAGER
  40E4FC $SZDBTEXTLOG
  40F000 __import_section_start
  40FD64 __import_section_end

Imports
ClaASC.dll:ASCII 40F044
ClaRUN.dll:Cla$ACCEPTED 40F22C,401000
ClaRUN.dll:Cla$ADDqueue 40F230
ClaRUN.dll:Cla$AssignRefUfo 40F234
ClaRUN.dll:Cla$BEEP 40F238,401008
ClaRUN.dll:Cla$CLEAR 40F23C
ClaRUN.dll:Cla$CLOCK 40F240,401010
ClaRUN.dll:Cla$CLOSEwindow 40F244,401018
ClaRUN.dll:Cla$code 40F248
ClaRUN.dll:Cla$comparestr 40F24C
ClaRUN.dll:Cla$DecDistinct 40F250
ClaRUN.dll:Cla$DecDistinctR 40F254
ClaRUN.dll:Cla$DELETEqueue 40F258,401020
ClaRUN.dll:Cla$DELETEREG 40F25C,401028
ClaRUN.dll:Cla$DISABLE 40F260,401030
ClaRUN.dll:Cla$DISPLAY 40F264,401038
ClaRUN.dll:Cla$DISPOSEqueue 40F268
ClaRUN.dll:Cla$DISPOSEref 40F26C
ClaRUN.dll:Cla$Dlongpower 40F270
ClaRUN.dll:Cla$DPopLong 40F274
ClaRUN.dll:Cla$DPushLong 40F278
ClaRUN.dll:Cla$ENABLE 40F27C,401040
ClaRUN.dll:Cla$EndEventLoop 40F280
ClaRUN.dll:Cla$ERRORCODE 40F284,401048
ClaRUN.dll:Cla$ERRORFILE 40F288,401050
ClaRUN.dll:Cla$EVENT 40F28C,401058
ClaRUN.dll:Cla$FIELD 40F290,401060
ClaRUN.dll:Cla$FILEERRORCODE 40F294,401068
ClaRUN.dll:Cla$FILEERRORMSG 40F298,401070
ClaRUN.dll:Cla$FileExists 40F29C,401078
ClaRUN.dll:Cla$FILE_ADDf 40F2A0
ClaRUN.dll:Cla$FILE_CLOSE 40F2A4,401080
ClaRUN.dll:Cla$FILE_CREATE 40F2A8
ClaRUN.dll:CLA$FILE_DESTROY 40F2AC
ClaRUN.dll:Cla$FILE_NAME 40F2B0,401088
ClaRUN.dll:Cla$FILE_OPEN 40F2B4,401090
ClaRUN.dll:Cla$FILE_POSITIONf 40F2B8,401098
ClaRUN.dll:Cla$FILE_POSITIONk 40F2BC,4010A0
ClaRUN.dll:Cla$FILE_REGETf 40F2C0,4010A8
ClaRUN.dll:Cla$FILE_REGETk 40F2C4,4010B0
ClaRUN.dll:Cla$FOCUS 40F2C8,4010B8
ClaRUN.dll:Cla$FREEqueue 40F2CC
ClaRUN.dll:Cla$FREEqueuea 40F2D0,4010C0
ClaRUN.dll:Cla$freestr 40F2D4
ClaRUN.dll:Cla$FreeUfo 40F2D8
ClaRUN.dll:Cla$freewindow 40F2DC
ClaRUN.dll:Cla$GETINI 40F2E0,4010C8
ClaRUN.dll:Cla$GetPropS 40F2E4
ClaRUN.dll:Cla$GETqueuekey 40F2E8,4010D0
ClaRUN.dll:Cla$GETqueueptr 40F2EC
ClaRUN.dll:Cla$GETREG 40F2F0,4010D8
ClaRUN.dll:Cla$HALT 40F2F4,4010E0
ClaRUN.dll:Cla$init 40F2F8
ClaRUN.dll:Cla$INSTANCE 40F2FC,4010E8
ClaRUN.dll:Cla$KEYCODE 40F300,4010F0
ClaRUN.dll:Cla$longtostr 40F304
ClaRUN.dll:Cla$Mem2Ufo 40F308
ClaRUN.dll:Cla$MessageBox 40F30C,4010F8
ClaRUN.dll:Cla$NewMemB 40F310
ClaRUN.dll:Cla$NewMemT 40F314
ClaRUN.dll:Cla$NEWqueue 40F318
ClaRUN.dll:Cla$NOTIFICATION 40F31C,401100
ClaRUN.dll:Cla$OPENowned 40F320,401108
ClaRUN.dll:Cla$OPENwindow 40F324,401110
ClaRUN.dll:Cla$POINTERqueue 40F328,401118
ClaRUN.dll:Cla$PopAString 40F32C
ClaRUN.dll:Cla$PopBind 40F330,401120
ClaRUN.dll:Cla$PopCString 40F334
ClaRUN.dll:Cla$PopString 40F338
ClaRUN.dll:Cla$PopTemp 40F33C
ClaRUN.dll:Cla$POST 40F340,401128
ClaRUN.dll:Cla$PushAString 40F344
ClaRUN.dll:Cla$PushBind 40F348,401130
ClaRUN.dll:Cla$PushCString 40F34C
ClaRUN.dll:Cla$PushLong 40F350
ClaRUN.dll:Cla$PushPictLong 40F354
ClaRUN.dll:Cla$PushString 40F358
ClaRUN.dll:Cla$PushUfo 40F35C
ClaRUN.dll:Cla$PUTINI 40F360,401138
ClaRUN.dll:Cla$PUTqueue 40F364
ClaRUN.dll:Cla$PUTREG 40F368,401140
ClaRUN.dll:Cla$pwopen 40F36C,401148
ClaRUN.dll:Cla$RECORDSqueue 40F370,401150
ClaRUN.dll:Cla$RefAssignAny 40F374
ClaRUN.dll:Cla$SELECT 40F378,401158
ClaRUN.dll:Cla$SETCURSOR 40F37C,401160
ClaRUN.dll:Cla$SETKEYCODE 40F380,401168
ClaRUN.dll:Cla$SetPropS 40F384
ClaRUN.dll:Cla$SetPropV 40F388
ClaRUN.dll:Cla$Stack2DStack 40F38C
ClaRUN.dll:Cla$Stack2Ufo 40F390
ClaRUN.dll:Cla$StackCLIP 40F394,401170
ClaRUN.dll:Cla$StackCompareN 40F398
ClaRUN.dll:Cla$StackCompareNEQ 40F39C
ClaRUN.dll:Cla$StackConcat 40F3A0
ClaRUN.dll:Cla$StackConcatR 40F3A4
ClaRUN.dll:Cla$StackErrstr 40F3A8,401178
ClaRUN.dll:Cla$StackHeap 40F3AC
ClaRUN.dll:Cla$StackINSTRING 40F3B0,401180
ClaRUN.dll:Cla$StackLen 40F3B4,401188
ClaRUN.dll:Cla$STACKpop 40F3B8
ClaRUN.dll:Cla$StackRotate 40F3BC
ClaRUN.dll:Cla$StackSUB 40F3C0,401190
ClaRUN.dll:Cla$StackUPPER 40F3C4,401198
ClaRUN.dll:Cla$StartEventLoop 40F3C8
ClaRUN.dll:Cla$storecstr 40F3CC
ClaRUN.dll:Cla$storestr 40F3D0
ClaRUN.dll:Cla$THREAD 40F3D4,4011A0
ClaRUN.dll:Cla$TODAY 40F3D8,4011A8
ClaRUN.dll:Cla$UNHIDE 40F3DC,4011B0
ClaRUN.dll:Cla$UNREGISTEREVENT 40F3E0,4011B8
ClaRUN.dll:Cla$WHAT 40F3E4,4011C0
ClaRUN.dll:Cla$YIELD 40F3E8,4011C8
ClaRUN.dll:NewCriticalSection 40F3EC,4011D0
ClaRUN.dll:THR$GetInstance 40F3F0,4011D8
ClaRUN.dll:_exit 40F3F4,4011E0
ClaRUN.dll:_free 40F3F8
ClaRUN.dll:_malloc 40F3FC
ClaRUN.dll:__sysinit 40F400,4011E8
ClaRUN.dll:__sysstart 40F404,4011F0



Entry Point:   407760